19:36:09 **** Incremental Build of configuration Debug for project 01-blink ****
make -j12 all 
arm-none-eabi-gcc "../Src/main.c" -mcpu=cortex-m4 -std=gnu11 -g3 -DDEBUG -DSTM32L4 -DSTM32 -DSTM32L476RGTx -c -I../Inc -O0 -ffunction-sections -fdata-sections -Wall -fstack-usage -fcyclomatic-complexity -MMD -MP -MF"Src/main.d" -MT"Src/main.o" --specs=nano.specs -mfpu=fpv4-sp-d16 -mfloat-abi=hard -mthumb -o "Src/main.o"
arm-none-eabi-gcc -o "01-blink.elf" @"objects.list"   -mcpu=cortex-m4 -T"C:\Users\Joe Sinder\STM32CubeIDE\stm32-bare-metal\01-blink\STM32L476RGTX_FLASH.ld" --specs=nosys.specs -Wl,-Map="01-blink.map" -Wl,--gc-sections -static --specs=nano.specs -mfpu=fpv4-sp-d16 -mfloat-abi=hard -mthumb -Wl,--start-group -lc -lm -Wl,--end-group
Finished building target: 01-blink.elf
 
arm-none-eabi-size  01-blink.elf 
arm-none-eabi-objdump -h -S 01-blink.elf  > "01-blink.list"
   text	   data	    bss	    dec	    hex	filename
    760	      8	   1568	   2336	    920	01-blink.elf
Finished building: default.size.stdout
 
Finished building: 01-blink.list
 

19:36:09 Build Finished. 0 errors, 0 warnings. (took 541ms)

